---
source: src/generation/candidate/boundary.rs
expression: snapshot
---
. . . . . . . . b _ _ _ _ _ _ _
. . . . . . . . b _ _ _ _ _ _ _
b b b b b b b b _ _ _ _ _ _ _ _
_ _ _ _ _ _ _ _ _ _ _ _ _ _ _ _
_ _ _ _ _ _ _ _ _ _ _ _ _ _ _ _
_ _ _ _ _ _ _ _ _ _ _ _ _ _ _ _
_ _ _ _ _ _ _ _ _ _ _ _ _ _ _ _
_ _ _ _ _ _ _ _ _ _ _ _ _ _ _ _


. . . . . . . b _ _ _ _ _ _ _ _
. . . . . . . b _ _ _ _ _ _ _ _
. . . . . . . b _ _ _ _ _ _ _ _
. . . . . . . b _ _ _ _ _ _ _ _
. . . . . . . b _ _ _ _ _ _ _ _
. . . . . . . b _ _ _ _ _ _ _ _
b b b b b b b _ _ _ _ _ _ _ _ _
_ _ _ _ _ _ _ _ _ _ _ _ _ _ _ _


. . b _ _ _ _ _ _ _ _ _ _ _ _ _
. . b _ _ _ _ _ _ _ _ _ _ _ _ _
. . b _ _ _ _ _ _ _ _ _ _ _ _ _
. . b _ _ _ _ _ _ _ _ _ _ _ _ _
. . b _ _ _ _ _ _ _ _ _ _ _ _ _
. . b _ _ _ _ _ _ _ _ _ _ _ _ _
b b _ _ _ _ _ _ _ _ _ _ _ _ _ _
_ _ _ _ _ _ _ _ _ _ _ _ _ _ _ _


. . . . . . . . . . . . b _ _ _
. . . . . . . . . . . . b _ _ _
b b b b b b b b b b b b _ _ _ _
_ _ _ _ _ _ _ _ _ _ _ _ _ _ _ _
_ _ _ _ _ _ _ _ _ _ _ _ _ _ _ _
_ _ _ _ _ _ _ _ _ _ _ _ _ _ _ _
_ _ _ _ _ _ _ _ _ _ _ _ _ _ _ _
_ _ _ _ _ _ _ _ _ _ _ _ _ _ _ _


. . . b _ _ _ _ _ _ _ _ _ _ _ _
. . . b _ _ _ _ _ _ _ _ _ _ _ _
. . . b _ _ _ _ _ _ _ _ _ _ _ _
. . . b _ _ _ _ _ _ _ _ _ _ _ _
. . . b _ _ _ _ _ _ _ _ _ _ _ _
. . . b _ _ _ _ _ _ _ _ _ _ _ _
b b b _ _ _ _ _ _ _ _ _ _ _ _ _
_ _ _ _ _ _ _ _ _ _ _ _ _ _ _ _


. . . . . . . . b _ _ _ _ _ _ _
. . . . . . . . b _ _ _ _ _ _ _
. . . . . . . . b _ _ _ _ _ _ _
b b b b b b b b _ _ _ _ _ _ _ _
_ _ _ _ _ _ _ _ _ _ _ _ _ _ _ _
_ _ _ _ _ _ _ _ _ _ _ _ _ _ _ _
_ _ _ _ _ _ _ _ _ _ _ _ _ _ _ _
_ _ _ _ _ _ _ _ _ _ _ _ _ _ _ _


. . . b _ _ _ _ _ _ _ _ _ _ _ _
. . . b _ _ _ _ _ _ _ _ _ _ _ _
b b b _ _ _ _ _ _ _ _ _ _ _ _ _
_ _ _ _ _ _ _ _ _ _ _ _ _ _ _ _
_ _ _ _ _ _ _ _ _ _ _ _ _ _ _ _
_ _ _ _ _ _ _ _ _ _ _ _ _ _ _ _
_ _ _ _ _ _ _ _ _ _ _ _ _ _ _ _
_ _ _ _ _ _ _ _ _ _ _ _ _ _ _ _


. . . . . . . . b _ _ _ _ _ _ _
. . . . . . . . b _ _ _ _ _ _ _
. . . . . . . . b _ _ _ _ _ _ _
b b b b b b b b _ _ _ _ _ _ _ _
_ _ _ _ _ _ _ _ _ _ _ _ _ _ _ _
_ _ _ _ _ _ _ _ _ _ _ _ _ _ _ _
_ _ _ _ _ _ _ _ _ _ _ _ _ _ _ _
_ _ _ _ _ _ _ _ _ _ _ _ _ _ _ _


. . b _ _ _ _ _ _ _ _ _ _ _ _ _
. . b _ _ _ _ _ _ _ _ _ _ _ _ _
. . b _ _ _ _ _ _ _ _ _ _ _ _ _
. . b _ _ _ _ _ _ _ _ _ _ _ _ _
b b _ _ _ _ _ _ _ _ _ _ _ _ _ _
_ _ _ _ _ _ _ _ _ _ _ _ _ _ _ _
_ _ _ _ _ _ _ _ _ _ _ _ _ _ _ _
_ _ _ _ _ _ _ _ _ _ _ _ _ _ _ _


. . . . . . . . . . b _ _ _ _ _
. . . . . . . . . . b _ _ _ _ _
. . . . . . . . . . b _ _ _ _ _
. . . . . . . . . . b _ _ _ _ _
. . . . . . . . . . b _ _ _ _ _
b b b b b b b b b b _ _ _ _ _ _
_ _ _ _ _ _ _ _ _ _ _ _ _ _ _ _
_ _ _ _ _ _ _ _ _ _ _ _ _ _ _ _


. . . . . . . . . . b _ _ _ _ _
. . . . . . . . . . b _ _ _ _ _
. . . . . . . . . . b _ _ _ _ _
b b b b b b b b b b _ _ _ _ _ _
_ _ _ _ _ _ _ _ _ _ _ _ _ _ _ _
_ _ _ _ _ _ _ _ _ _ _ _ _ _ _ _
_ _ _ _ _ _ _ _ _ _ _ _ _ _ _ _
_ _ _ _ _ _ _ _ _ _ _ _ _ _ _ _


. . . . . . . . b _ _ _ _ _ _ _
. . . . . . . . b _ _ _ _ _ _ _
b b b b b b b b _ _ _ _ _ _ _ _
_ _ _ _ _ _ _ _ _ _ _ _ _ _ _ _
_ _ _ _ _ _ _ _ _ _ _ _ _ _ _ _
_ _ _ _ _ _ _ _ _ _ _ _ _ _ _ _
_ _ _ _ _ _ _ _ _ _ _ _ _ _ _ _
_ _ _ _ _ _ _ _ _ _ _ _ _ _ _ _


. . . . . . b _ _ _ _ _ _ _ _ _
. . . . . . b _ _ _ _ _ _ _ _ _
b b b b b b _ _ _ _ _ _ _ _ _ _
_ _ _ _ _ _ _ _ _ _ _ _ _ _ _ _
_ _ _ _ _ _ _ _ _ _ _ _ _ _ _ _
_ _ _ _ _ _ _ _ _ _ _ _ _ _ _ _
_ _ _ _ _ _ _ _ _ _ _ _ _ _ _ _
_ _ _ _ _ _ _ _ _ _ _ _ _ _ _ _


. . . . . . b _ _ _ _ _ _ _ _ _
. . . . . . b _ _ _ _ _ _ _ _ _
. . . . . . b _ _ _ _ _ _ _ _ _
. . . . . . b _ _ _ _ _ _ _ _ _
b b b b b b _ _ _ _ _ _ _ _ _ _
_ _ _ _ _ _ _ _ _ _ _ _ _ _ _ _
_ _ _ _ _ _ _ _ _ _ _ _ _ _ _ _
_ _ _ _ _ _ _ _ _ _ _ _ _ _ _ _


. . . . . . . . . . . . b _ _ _
. . . . . . . . . . . . b _ _ _
. . . . . . . . . . . . b _ _ _
. . . . . . . . . . . . b _ _ _
. . . . . . . . . . . . b _ _ _
b b b b b b b b b b b b _ _ _ _
_ _ _ _ _ _ _ _ _ _ _ _ _ _ _ _
_ _ _ _ _ _ _ _ _ _ _ _ _ _ _ _


. . . . . b _ _ _ _ _ _ _ _ _ _
. . . . . b _ _ _ _ _ _ _ _ _ _
. . . . . b _ _ _ _ _ _ _ _ _ _
. . . . . b _ _ _ _ _ _ _ _ _ _
. . . . . b _ _ _ _ _ _ _ _ _ _
b b b b b _ _ _ _ _ _ _ _ _ _ _
_ _ _ _ _ _ _ _ _ _ _ _ _ _ _ _
_ _ _ _ _ _ _ _ _ _ _ _ _ _ _ _


. . . . . . . . . b _ _ _ _ _ _
. . . . . . . . . b _ _ _ _ _ _
b b b b b b b b b _ _ _ _ _ _ _
_ _ _ _ _ _ _ _ _ _ _ _ _ _ _ _
_ _ _ _ _ _ _ _ _ _ _ _ _ _ _ _
_ _ _ _ _ _ _ _ _ _ _ _ _ _ _ _
_ _ _ _ _ _ _ _ _ _ _ _ _ _ _ _
_ _ _ _ _ _ _ _ _ _ _ _ _ _ _ _


. . . . . . . b _ _ _ _ _ _ _ _
. . . . . . . b _ _ _ _ _ _ _ _
. . . . . . . b _ _ _ _ _ _ _ _
b b b b b b b _ _ _ _ _ _ _ _ _
_ _ _ _ _ _ _ _ _ _ _ _ _ _ _ _
_ _ _ _ _ _ _ _ _ _ _ _ _ _ _ _
_ _ _ _ _ _ _ _ _ _ _ _ _ _ _ _
_ _ _ _ _ _ _ _ _ _ _ _ _ _ _ _


. . . . . b _ _ _ _ _ _ _ _ _ _
. . . . . b _ _ _ _ _ _ _ _ _ _
b b b b b _ _ _ _ _ _ _ _ _ _ _
_ _ _ _ _ _ _ _ _ _ _ _ _ _ _ _
_ _ _ _ _ _ _ _ _ _ _ _ _ _ _ _
_ _ _ _ _ _ _ _ _ _ _ _ _ _ _ _
_ _ _ _ _ _ _ _ _ _ _ _ _ _ _ _
_ _ _ _ _ _ _ _ _ _ _ _ _ _ _ _


. . . b _ _ _ _ _ _ _ _ _ _ _ _
. . . b _ _ _ _ _ _ _ _ _ _ _ _
. . . b _ _ _ _ _ _ _ _ _ _ _ _
. . . b _ _ _ _ _ _ _ _ _ _ _ _
. . . b _ _ _ _ _ _ _ _ _ _ _ _
. . . b _ _ _ _ _ _ _ _ _ _ _ _
b b b _ _ _ _ _ _ _ _ _ _ _ _ _
_ _ _ _ _ _ _ _ _ _ _ _ _ _ _ _


. . . . . . . . . . . . b _ _ _
. . . . . . . . . . . . b _ _ _
. . . . . . . . . . . . b _ _ _
. . . . . . . . . . . . b _ _ _
b b b b b b b b b b b b _ _ _ _
_ _ _ _ _ _ _ _ _ _ _ _ _ _ _ _
_ _ _ _ _ _ _ _ _ _ _ _ _ _ _ _
_ _ _ _ _ _ _ _ _ _ _ _ _ _ _ _


. . . . . . b _ _ _ _ _ _ _ _ _
. . . . . . b _ _ _ _ _ _ _ _ _
. . . . . . b _ _ _ _ _ _ _ _ _
. . . . . . b _ _ _ _ _ _ _ _ _
. . . . . . b _ _ _ _ _ _ _ _ _
. . . . . . b _ _ _ _ _ _ _ _ _
b b b b b b _ _ _ _ _ _ _ _ _ _
_ _ _ _ _ _ _ _ _ _ _ _ _ _ _ _


. . . . . . . . . . . . . . b _
. . . . . . . . . . . . . . b _
. . . . . . . . . . . . . . b _
. . . . . . . . . . . . . . b _
. . . . . . . . . . . . . . b _
. . . . . . . . . . . . . . b _
b b b b b b b b b b b b b b _ _
_ _ _ _ _ _ _ _ _ _ _ _ _ _ _ _


. . . . . . . . . . b _ _ _ _ _
. . . . . . . . . . b _ _ _ _ _
. . . . . . . . . . b _ _ _ _ _
. . . . . . . . . . b _ _ _ _ _
. . . . . . . . . . b _ _ _ _ _
. . . . . . . . . . b _ _ _ _ _
b b b b b b b b b b _ _ _ _ _ _
_ _ _ _ _ _ _ _ _ _ _ _ _ _ _ _


. . . b _ _ _ _ _ _ _ _ _ _ _ _
. . . b _ _ _ _ _ _ _ _ _ _ _ _
b b b _ _ _ _ _ _ _ _ _ _ _ _ _
_ _ _ _ _ _ _ _ _ _ _ _ _ _ _ _
_ _ _ _ _ _ _ _ _ _ _ _ _ _ _ _
_ _ _ _ _ _ _ _ _ _ _ _ _ _ _ _
_ _ _ _ _ _ _ _ _ _ _ _ _ _ _ _
_ _ _ _ _ _ _ _ _ _ _ _ _ _ _ _


. . . . . . b _ _ _ _ _ _ _ _ _
. . . . . . b _ _ _ _ _ _ _ _ _
. . . . . . b _ _ _ _ _ _ _ _ _
. . . . . . b _ _ _ _ _ _ _ _ _
. . . . . . b _ _ _ _ _ _ _ _ _
. . . . . . b _ _ _ _ _ _ _ _ _
b b b b b b _ _ _ _ _ _ _ _ _ _
_ _ _ _ _ _ _ _ _ _ _ _ _ _ _ _


. . . . . . . . . b _ _ _ _ _ _
. . . . . . . . . b _ _ _ _ _ _
. . . . . . . . . b _ _ _ _ _ _
. . . . . . . . . b _ _ _ _ _ _
b b b b b b b b b _ _ _ _ _ _ _
_ _ _ _ _ _ _ _ _ _ _ _ _ _ _ _
_ _ _ _ _ _ _ _ _ _ _ _ _ _ _ _
_ _ _ _ _ _ _ _ _ _ _ _ _ _ _ _


. . . . . . . . b _ _ _ _ _ _ _
. . . . . . . . b _ _ _ _ _ _ _
. . . . . . . . b _ _ _ _ _ _ _
. . . . . . . . b _ _ _ _ _ _ _
. . . . . . . . b _ _ _ _ _ _ _
. . . . . . . . b _ _ _ _ _ _ _
b b b b b b b b _ _ _ _ _ _ _ _
_ _ _ _ _ _ _ _ _ _ _ _ _ _ _ _


. . . . . . . . . . . . . . b _
. . . . . . . . . . . . . . b _
. . . . . . . . . . . . . . b _
. . . . . . . . . . . . . . b _
b b b b b b b b b b b b b b _ _
_ _ _ _ _ _ _ _ _ _ _ _ _ _ _ _
_ _ _ _ _ _ _ _ _ _ _ _ _ _ _ _
_ _ _ _ _ _ _ _ _ _ _ _ _ _ _ _


. . . . b _ _ _ _ _ _ _ _ _ _ _
. . . . b _ _ _ _ _ _ _ _ _ _ _
b b b b _ _ _ _ _ _ _ _ _ _ _ _
_ _ _ _ _ _ _ _ _ _ _ _ _ _ _ _
_ _ _ _ _ _ _ _ _ _ _ _ _ _ _ _
_ _ _ _ _ _ _ _ _ _ _ _ _ _ _ _
_ _ _ _ _ _ _ _ _ _ _ _ _ _ _ _
_ _ _ _ _ _ _ _ _ _ _ _ _ _ _ _


. . . . . b _ _ _ _ _ _ _ _ _ _
. . . . . b _ _ _ _ _ _ _ _ _ _
. . . . . b _ _ _ _ _ _ _ _ _ _
. . . . . b _ _ _ _ _ _ _ _ _ _
. . . . . b _ _ _ _ _ _ _ _ _ _
. . . . . b _ _ _ _ _ _ _ _ _ _
b b b b b _ _ _ _ _ _ _ _ _ _ _
_ _ _ _ _ _ _ _ _ _ _ _ _ _ _ _


. . . . . . . . . b _ _ _ _ _ _
. . . . . . . . . b _ _ _ _ _ _
. . . . . . . . . b _ _ _ _ _ _
. . . . . . . . . b _ _ _ _ _ _
. . . . . . . . . b _ _ _ _ _ _
. . . . . . . . . b _ _ _ _ _ _
b b b b b b b b b _ _ _ _ _ _ _
_ _ _ _ _ _ _ _ _ _ _ _ _ _ _ _


. . . b _ _ _ _ _ _ _ _ _ _ _ _
. . . b _ _ _ _ _ _ _ _ _ _ _ _
. . . b _ _ _ _ _ _ _ _ _ _ _ _
. . . b _ _ _ _ _ _ _ _ _ _ _ _
b b b _ _ _ _ _ _ _ _ _ _ _ _ _
_ _ _ _ _ _ _ _ _ _ _ _ _ _ _ _
_ _ _ _ _ _ _ _ _ _ _ _ _ _ _ _
_ _ _ _ _ _ _ _ _ _ _ _ _ _ _ _


. . . . . . . . . b _ _ _ _ _ _
. . . . . . . . . b _ _ _ _ _ _
b b b b b b b b b _ _ _ _ _ _ _
_ _ _ _ _ _ _ _ _ _ _ _ _ _ _ _
_ _ _ _ _ _ _ _ _ _ _ _ _ _ _ _
_ _ _ _ _ _ _ _ _ _ _ _ _ _ _ _
_ _ _ _ _ _ _ _ _ _ _ _ _ _ _ _
_ _ _ _ _ _ _ _ _ _ _ _ _ _ _ _


. . . . . . . . . . . b _ _ _ _
. . . . . . . . . . . b _ _ _ _
. . . . . . . . . . . b _ _ _ _
b b b b b b b b b b b _ _ _ _ _
_ _ _ _ _ _ _ _ _ _ _ _ _ _ _ _
_ _ _ _ _ _ _ _ _ _ _ _ _ _ _ _
_ _ _ _ _ _ _ _ _ _ _ _ _ _ _ _
_ _ _ _ _ _ _ _ _ _ _ _ _ _ _ _


. . . . b _ _ _ _ _ _ _ _ _ _ _
. . . . b _ _ _ _ _ _ _ _ _ _ _
. . . . b _ _ _ _ _ _ _ _ _ _ _
b b b b _ _ _ _ _ _ _ _ _ _ _ _
_ _ _ _ _ _ _ _ _ _ _ _ _ _ _ _
_ _ _ _ _ _ _ _ _ _ _ _ _ _ _ _
_ _ _ _ _ _ _ _ _ _ _ _ _ _ _ _
_ _ _ _ _ _ _ _ _ _ _ _ _ _ _ _


. . . . . . . . . . . . . b _ _
. . . . . . . . . . . . . b _ _
. . . . . . . . . . . . . b _ _
. . . . . . . . . . . . . b _ _
b b b b b b b b b b b b b _ _ _
_ _ _ _ _ _ _ _ _ _ _ _ _ _ _ _
_ _ _ _ _ _ _ _ _ _ _ _ _ _ _ _
_ _ _ _ _ _ _ _ _ _ _ _ _ _ _ _


. . . . . . . . . . b _ _ _ _ _
. . . . . . . . . . b _ _ _ _ _
. . . . . . . . . . b _ _ _ _ _
. . . . . . . . . . b _ _ _ _ _
b b b b b b b b b b _ _ _ _ _ _
_ _ _ _ _ _ _ _ _ _ _ _ _ _ _ _
_ _ _ _ _ _ _ _ _ _ _ _ _ _ _ _
_ _ _ _ _ _ _ _ _ _ _ _ _ _ _ _


. . . . . . . . b _ _ _ _ _ _ _
. . . . . . . . b _ _ _ _ _ _ _
b b b b b b b b _ _ _ _ _ _ _ _
_ _ _ _ _ _ _ _ _ _ _ _ _ _ _ _
_ _ _ _ _ _ _ _ _ _ _ _ _ _ _ _
_ _ _ _ _ _ _ _ _ _ _ _ _ _ _ _
_ _ _ _ _ _ _ _ _ _ _ _ _ _ _ _
_ _ _ _ _ _ _ _ _ _ _ _ _ _ _ _


. . . . . . . . . . b _ _ _ _ _
. . . . . . . . . . b _ _ _ _ _
. . . . . . . . . . b _ _ _ _ _
. . . . . . . . . . b _ _ _ _ _
. . . . . . . . . . b _ _ _ _ _
. . . . . . . . . . b _ _ _ _ _
b b b b b b b b b b _ _ _ _ _ _
_ _ _ _ _ _ _ _ _ _ _ _ _ _ _ _


. . . . . . . . . . . b _ _ _ _
. . . . . . . . . . . b _ _ _ _
. . . . . . . . . . . b _ _ _ _
. . . . . . . . . . . b _ _ _ _
. . . . . . . . . . . b _ _ _ _
. . . . . . . . . . . b _ _ _ _
b b b b b b b b b b b _ _ _ _ _
_ _ _ _ _ _ _ _ _ _ _ _ _ _ _ _


. . . b _ _ _ _ _ _ _ _ _ _ _ _
. . . b _ _ _ _ _ _ _ _ _ _ _ _
. . . b _ _ _ _ _ _ _ _ _ _ _ _
. . . b _ _ _ _ _ _ _ _ _ _ _ _
. . . b _ _ _ _ _ _ _ _ _ _ _ _
. . . b _ _ _ _ _ _ _ _ _ _ _ _
b b b _ _ _ _ _ _ _ _ _ _ _ _ _
_ _ _ _ _ _ _ _ _ _ _ _ _ _ _ _


. . . . . . . . . . . b _ _ _ _
. . . . . . . . . . . b _ _ _ _
. . . . . . . . . . . b _ _ _ _
b b b b b b b b b b b _ _ _ _ _
_ _ _ _ _ _ _ _ _ _ _ _ _ _ _ _
_ _ _ _ _ _ _ _ _ _ _ _ _ _ _ _
_ _ _ _ _ _ _ _ _ _ _ _ _ _ _ _
_ _ _ _ _ _ _ _ _ _ _ _ _ _ _ _


. . . . . . . . . b _ _ _ _ _ _
. . . . . . . . . b _ _ _ _ _ _
. . . . . . . . . b _ _ _ _ _ _
. . . . . . . . . b _ _ _ _ _ _
. . . . . . . . . b _ _ _ _ _ _
b b b b b b b b b _ _ _ _ _ _ _
_ _ _ _ _ _ _ _ _ _ _ _ _ _ _ _
_ _ _ _ _ _ _ _ _ _ _ _ _ _ _ _


. . . . . . . . . . b _ _ _ _ _
. . . . . . . . . . b _ _ _ _ _
. . . . . . . . . . b _ _ _ _ _
. . . . . . . . . . b _ _ _ _ _
. . . . . . . . . . b _ _ _ _ _
b b b b b b b b b b _ _ _ _ _ _
_ _ _ _ _ _ _ _ _ _ _ _ _ _ _ _
_ _ _ _ _ _ _ _ _ _ _ _ _ _ _ _


. . b _ _ _ _ _ _ _ _ _ _ _ _ _
. . b _ _ _ _ _ _ _ _ _ _ _ _ _
. . b _ _ _ _ _ _ _ _ _ _ _ _ _
. . b _ _ _ _ _ _ _ _ _ _ _ _ _
. . b _ _ _ _ _ _ _ _ _ _ _ _ _
. . b _ _ _ _ _ _ _ _ _ _ _ _ _
b b _ _ _ _ _ _ _ _ _ _ _ _ _ _
_ _ _ _ _ _ _ _ _ _ _ _ _ _ _ _


. . . . . . . . . . b _ _ _ _ _
. . . . . . . . . . b _ _ _ _ _
. . . . . . . . . . b _ _ _ _ _
b b b b b b b b b b _ _ _ _ _ _
_ _ _ _ _ _ _ _ _ _ _ _ _ _ _ _
_ _ _ _ _ _ _ _ _ _ _ _ _ _ _ _
_ _ _ _ _ _ _ _ _ _ _ _ _ _ _ _
_ _ _ _ _ _ _ _ _ _ _ _ _ _ _ _


. . . b _ _ _ _ _ _ _ _ _ _ _ _
. . . b _ _ _ _ _ _ _ _ _ _ _ _
. . . b _ _ _ _ _ _ _ _ _ _ _ _
. . . b _ _ _ _ _ _ _ _ _ _ _ _
b b b _ _ _ _ _ _ _ _ _ _ _ _ _
_ _ _ _ _ _ _ _ _ _ _ _ _ _ _ _
_ _ _ _ _ _ _ _ _ _ _ _ _ _ _ _
_ _ _ _ _ _ _ _ _ _ _ _ _ _ _ _


. . . . . . . . . . . b _ _ _ _
. . . . . . . . . . . b _ _ _ _
. . . . . . . . . . . b _ _ _ _
. . . . . . . . . . . b _ _ _ _
. . . . . . . . . . . b _ _ _ _
b b b b b b b b b b b _ _ _ _ _
_ _ _ _ _ _ _ _ _ _ _ _ _ _ _ _
_ _ _ _ _ _ _ _ _ _ _ _ _ _ _ _


. . . . . b _ _ _ _ _ _ _ _ _ _
. . . . . b _ _ _ _ _ _ _ _ _ _
. . . . . b _ _ _ _ _ _ _ _ _ _
. . . . . b _ _ _ _ _ _ _ _ _ _
. . . . . b _ _ _ _ _ _ _ _ _ _
b b b b b _ _ _ _ _ _ _ _ _ _ _
_ _ _ _ _ _ _ _ _ _ _ _ _ _ _ _
_ _ _ _ _ _ _ _ _ _ _ _ _ _ _ _


. . . b _ _ _ _ _ _ _ _ _ _ _ _
. . . b _ _ _ _ _ _ _ _ _ _ _ _
. . . b _ _ _ _ _ _ _ _ _ _ _ _
. . . b _ _ _ _ _ _ _ _ _ _ _ _
. . . b _ _ _ _ _ _ _ _ _ _ _ _
. . . b _ _ _ _ _ _ _ _ _ _ _ _
b b b _ _ _ _ _ _ _ _ _ _ _ _ _
_ _ _ _ _ _ _ _ _ _ _ _ _ _ _ _


. . . . . . . . . b _ _ _ _ _ _
. . . . . . . . . b _ _ _ _ _ _
. . . . . . . . . b _ _ _ _ _ _
b b b b b b b b b _ _ _ _ _ _ _
_ _ _ _ _ _ _ _ _ _ _ _ _ _ _ _
_ _ _ _ _ _ _ _ _ _ _ _ _ _ _ _
_ _ _ _ _ _ _ _ _ _ _ _ _ _ _ _
_ _ _ _ _ _ _ _ _ _ _ _ _ _ _ _


. . . . . . b _ _ _ _ _ _ _ _ _
. . . . . . b _ _ _ _ _ _ _ _ _
. . . . . . b _ _ _ _ _ _ _ _ _
. . . . . . b _ _ _ _ _ _ _ _ _
. . . . . . b _ _ _ _ _ _ _ _ _
. . . . . . b _ _ _ _ _ _ _ _ _
b b b b b b _ _ _ _ _ _ _ _ _ _
_ _ _ _ _ _ _ _ _ _ _ _ _ _ _ _


. . . . . . . . . . . b _ _ _ _
. . . . . . . . . . . b _ _ _ _
. . . . . . . . . . . b _ _ _ _
. . . . . . . . . . . b _ _ _ _
b b b b b b b b b b b _ _ _ _ _
_ _ _ _ _ _ _ _ _ _ _ _ _ _ _ _
_ _ _ _ _ _ _ _ _ _ _ _ _ _ _ _
_ _ _ _ _ _ _ _ _ _ _ _ _ _ _ _


. . . . . . . . . b _ _ _ _ _ _
. . . . . . . . . b _ _ _ _ _ _
. . . . . . . . . b _ _ _ _ _ _
. . . . . . . . . b _ _ _ _ _ _
. . . . . . . . . b _ _ _ _ _ _
b b b b b b b b b _ _ _ _ _ _ _
_ _ _ _ _ _ _ _ _ _ _ _ _ _ _ _
_ _ _ _ _ _ _ _ _ _ _ _ _ _ _ _


. . . . . . . . . . . . b _ _ _
. . . . . . . . . . . . b _ _ _
. . . . . . . . . . . . b _ _ _
. . . . . . . . . . . . b _ _ _
b b b b b b b b b b b b _ _ _ _
_ _ _ _ _ _ _ _ _ _ _ _ _ _ _ _
_ _ _ _ _ _ _ _ _ _ _ _ _ _ _ _
_ _ _ _ _ _ _ _ _ _ _ _ _ _ _ _


. . . . . . . . b _ _ _ _ _ _ _
. . . . . . . . b _ _ _ _ _ _ _
. . . . . . . . b _ _ _ _ _ _ _
b b b b b b b b _ _ _ _ _ _ _ _
_ _ _ _ _ _ _ _ _ _ _ _ _ _ _ _
_ _ _ _ _ _ _ _ _ _ _ _ _ _ _ _
_ _ _ _ _ _ _ _ _ _ _ _ _ _ _ _
_ _ _ _ _ _ _ _ _ _ _ _ _ _ _ _


. . . . . . . . . b _ _ _ _ _ _
. . . . . . . . . b _ _ _ _ _ _
. . . . . . . . . b _ _ _ _ _ _
. . . . . . . . . b _ _ _ _ _ _
b b b b b b b b b _ _ _ _ _ _ _
_ _ _ _ _ _ _ _ _ _ _ _ _ _ _ _
_ _ _ _ _ _ _ _ _ _ _ _ _ _ _ _
_ _ _ _ _ _ _ _ _ _ _ _ _ _ _ _


. . . b _ _ _ _ _ _ _ _ _ _ _ _
. . . b _ _ _ _ _ _ _ _ _ _ _ _
b b b _ _ _ _ _ _ _ _ _ _ _ _ _
_ _ _ _ _ _ _ _ _ _ _ _ _ _ _ _
_ _ _ _ _ _ _ _ _ _ _ _ _ _ _ _
_ _ _ _ _ _ _ _ _ _ _ _ _ _ _ _
_ _ _ _ _ _ _ _ _ _ _ _ _ _ _ _
_ _ _ _ _ _ _ _ _ _ _ _ _ _ _ _


. . . . . . . b _ _ _ _ _ _ _ _
. . . . . . . b _ _ _ _ _ _ _ _
b b b b b b b _ _ _ _ _ _ _ _ _
_ _ _ _ _ _ _ _ _ _ _ _ _ _ _ _
_ _ _ _ _ _ _ _ _ _ _ _ _ _ _ _
_ _ _ _ _ _ _ _ _ _ _ _ _ _ _ _
_ _ _ _ _ _ _ _ _ _ _ _ _ _ _ _
_ _ _ _ _ _ _ _ _ _ _ _ _ _ _ _


. . b _ _ _ _ _ _ _ _ _ _ _ _ _
. . b _ _ _ _ _ _ _ _ _ _ _ _ _
. . b _ _ _ _ _ _ _ _ _ _ _ _ _
. . b _ _ _ _ _ _ _ _ _ _ _ _ _
b b _ _ _ _ _ _ _ _ _ _ _ _ _ _
_ _ _ _ _ _ _ _ _ _ _ _ _ _ _ _
_ _ _ _ _ _ _ _ _ _ _ _ _ _ _ _
_ _ _ _ _ _ _ _ _ _ _ _ _ _ _ _


. . . . . . . . b _ _ _ _ _ _ _
. . . . . . . . b _ _ _ _ _ _ _
. . . . . . . . b _ _ _ _ _ _ _
b b b b b b b b _ _ _ _ _ _ _ _
_ _ _ _ _ _ _ _ _ _ _ _ _ _ _ _
_ _ _ _ _ _ _ _ _ _ _ _ _ _ _ _
_ _ _ _ _ _ _ _ _ _ _ _ _ _ _ _
_ _ _ _ _ _ _ _ _ _ _ _ _ _ _ _


. . . . . . b _ _ _ _ _ _ _ _ _
. . . . . . b _ _ _ _ _ _ _ _ _
. . . . . . b _ _ _ _ _ _ _ _ _
. . . . . . b _ _ _ _ _ _ _ _ _
b b b b b b _ _ _ _ _ _ _ _ _ _
_ _ _ _ _ _ _ _ _ _ _ _ _ _ _ _
_ _ _ _ _ _ _ _ _ _ _ _ _ _ _ _
_ _ _ _ _ _ _ _ _ _ _ _ _ _ _ _


. . . . b _ _ _ _ _ _ _ _ _ _ _
. . . . b _ _ _ _ _ _ _ _ _ _ _
. . . . b _ _ _ _ _ _ _ _ _ _ _
. . . . b _ _ _ _ _ _ _ _ _ _ _
. . . . b _ _ _ _ _ _ _ _ _ _ _
. . . . b _ _ _ _ _ _ _ _ _ _ _
b b b b _ _ _ _ _ _ _ _ _ _ _ _
_ _ _ _ _ _ _ _ _ _ _ _ _ _ _ _


. . . . . b _ _ _ _ _ _ _ _ _ _
. . . . . b _ _ _ _ _ _ _ _ _ _
. . . . . b _ _ _ _ _ _ _ _ _ _
. . . . . b _ _ _ _ _ _ _ _ _ _
. . . . . b _ _ _ _ _ _ _ _ _ _
. . . . . b _ _ _ _ _ _ _ _ _ _
b b b b b _ _ _ _ _ _ _ _ _ _ _
_ _ _ _ _ _ _ _ _ _ _ _ _ _ _ _


. . . . . . b _ _ _ _ _ _ _ _ _
. . . . . . b _ _ _ _ _ _ _ _ _
. . . . . . b _ _ _ _ _ _ _ _ _
. . . . . . b _ _ _ _ _ _ _ _ _
b b b b b b _ _ _ _ _ _ _ _ _ _
_ _ _ _ _ _ _ _ _ _ _ _ _ _ _ _
_ _ _ _ _ _ _ _ _ _ _ _ _ _ _ _
_ _ _ _ _ _ _ _ _ _ _ _ _ _ _ _


. . . . . . . b _ _ _ _ _ _ _ _
. . . . . . . b _ _ _ _ _ _ _ _
. . . . . . . b _ _ _ _ _ _ _ _
. . . . . . . b _ _ _ _ _ _ _ _
. . . . . . . b _ _ _ _ _ _ _ _
. . . . . . . b _ _ _ _ _ _ _ _
b b b b b b b _ _ _ _ _ _ _ _ _
_ _ _ _ _ _ _ _ _ _ _ _ _ _ _ _


. . b _ _ _ _ _ _ _ _ _ _ _ _ _
. . b _ _ _ _ _ _ _ _ _ _ _ _ _
. . b _ _ _ _ _ _ _ _ _ _ _ _ _
. . b _ _ _ _ _ _ _ _ _ _ _ _ _
. . b _ _ _ _ _ _ _ _ _ _ _ _ _
. . b _ _ _ _ _ _ _ _ _ _ _ _ _
b b _ _ _ _ _ _ _ _ _ _ _ _ _ _
_ _ _ _ _ _ _ _ _ _ _ _ _ _ _ _


. . . b _ _ _ _ _ _ _ _ _ _ _ _
. . . b _ _ _ _ _ _ _ _ _ _ _ _
. . . b _ _ _ _ _ _ _ _ _ _ _ _
b b b _ _ _ _ _ _ _ _ _ _ _ _ _
_ _ _ _ _ _ _ _ _ _ _ _ _ _ _ _
_ _ _ _ _ _ _ _ _ _ _ _ _ _ _ _
_ _ _ _ _ _ _ _ _ _ _ _ _ _ _ _
_ _ _ _ _ _ _ _ _ _ _ _ _ _ _ _


. . . . . . . . . . . . b _ _ _
. . . . . . . . . . . . b _ _ _
b b b b b b b b b b b b _ _ _ _
_ _ _ _ _ _ _ _ _ _ _ _ _ _ _ _
_ _ _ _ _ _ _ _ _ _ _ _ _ _ _ _
_ _ _ _ _ _ _ _ _ _ _ _ _ _ _ _
_ _ _ _ _ _ _ _ _ _ _ _ _ _ _ _
_ _ _ _ _ _ _ _ _ _ _ _ _ _ _ _


. . . . . . . . . . . b _ _ _ _
. . . . . . . . . . . b _ _ _ _
. . . . . . . . . . . b _ _ _ _
. . . . . . . . . . . b _ _ _ _
. . . . . . . . . . . b _ _ _ _
. . . . . . . . . . . b _ _ _ _
b b b b b b b b b b b _ _ _ _ _
_ _ _ _ _ _ _ _ _ _ _ _ _ _ _ _


. . . . . . . b _ _ _ _ _ _ _ _
. . . . . . . b _ _ _ _ _ _ _ _
. . . . . . . b _ _ _ _ _ _ _ _
. . . . . . . b _ _ _ _ _ _ _ _
. . . . . . . b _ _ _ _ _ _ _ _
b b b b b b b _ _ _ _ _ _ _ _ _
_ _ _ _ _ _ _ _ _ _ _ _ _ _ _ _
_ _ _ _ _ _ _ _ _ _ _ _ _ _ _ _


. . . . . . . . . b _ _ _ _ _ _
. . . . . . . . . b _ _ _ _ _ _
b b b b b b b b b _ _ _ _ _ _ _
_ _ _ _ _ _ _ _ _ _ _ _ _ _ _ _
_ _ _ _ _ _ _ _ _ _ _ _ _ _ _ _
_ _ _ _ _ _ _ _ _ _ _ _ _ _ _ _
_ _ _ _ _ _ _ _ _ _ _ _ _ _ _ _
_ _ _ _ _ _ _ _ _ _ _ _ _ _ _ _


. . . . . . . . . . . b _ _ _ _
. . . . . . . . . . . b _ _ _ _
. . . . . . . . . . . b _ _ _ _
. . . . . . . . . . . b _ _ _ _
b b b b b b b b b b b _ _ _ _ _
_ _ _ _ _ _ _ _ _ _ _ _ _ _ _ _
_ _ _ _ _ _ _ _ _ _ _ _ _ _ _ _
_ _ _ _ _ _ _ _ _ _ _ _ _ _ _ _


. . . . . . . . . . . . . . b _
. . . . . . . . . . . . . . b _
. . . . . . . . . . . . . . b _
b b b b b b b b b b b b b b _ _
_ _ _ _ _ _ _ _ _ _ _ _ _ _ _ _
_ _ _ _ _ _ _ _ _ _ _ _ _ _ _ _
_ _ _ _ _ _ _ _ _ _ _ _ _ _ _ _
_ _ _ _ _ _ _ _ _ _ _ _ _ _ _ _


. . . . . . b _ _ _ _ _ _ _ _ _
. . . . . . b _ _ _ _ _ _ _ _ _
. . . . . . b _ _ _ _ _ _ _ _ _
. . . . . . b _ _ _ _ _ _ _ _ _
. . . . . . b _ _ _ _ _ _ _ _ _
. . . . . . b _ _ _ _ _ _ _ _ _
b b b b b b _ _ _ _ _ _ _ _ _ _
_ _ _ _ _ _ _ _ _ _ _ _ _ _ _ _


. . . . . . . . . . . . . . b _
. . . . . . . . . . . . . . b _
. . . . . . . . . . . . . . b _
. . . . . . . . . . . . . . b _
. . . . . . . . . . . . . . b _
b b b b b b b b b b b b b b _ _
_ _ _ _ _ _ _ _ _ _ _ _ _ _ _ _
_ _ _ _ _ _ _ _ _ _ _ _ _ _ _ _


. . . . . . . b _ _ _ _ _ _ _ _
. . . . . . . b _ _ _ _ _ _ _ _
. . . . . . . b _ _ _ _ _ _ _ _
. . . . . . . b _ _ _ _ _ _ _ _
. . . . . . . b _ _ _ _ _ _ _ _
b b b b b b b _ _ _ _ _ _ _ _ _
_ _ _ _ _ _ _ _ _ _ _ _ _ _ _ _
_ _ _ _ _ _ _ _ _ _ _ _ _ _ _ _


. . . . . b _ _ _ _ _ _ _ _ _ _
. . . . . b _ _ _ _ _ _ _ _ _ _
b b b b b _ _ _ _ _ _ _ _ _ _ _
_ _ _ _ _ _ _ _ _ _ _ _ _ _ _ _
_ _ _ _ _ _ _ _ _ _ _ _ _ _ _ _
_ _ _ _ _ _ _ _ _ _ _ _ _ _ _ _
_ _ _ _ _ _ _ _ _ _ _ _ _ _ _ _
_ _ _ _ _ _ _ _ _ _ _ _ _ _ _ _


. . . b _ _ _ _ _ _ _ _ _ _ _ _
. . . b _ _ _ _ _ _ _ _ _ _ _ _
. . . b _ _ _ _ _ _ _ _ _ _ _ _
. . . b _ _ _ _ _ _ _ _ _ _ _ _
b b b _ _ _ _ _ _ _ _ _ _ _ _ _
_ _ _ _ _ _ _ _ _ _ _ _ _ _ _ _
_ _ _ _ _ _ _ _ _ _ _ _ _ _ _ _
_ _ _ _ _ _ _ _ _ _ _ _ _ _ _ _


. . . . . . . . . . . b _ _ _ _
. . . . . . . . . . . b _ _ _ _
. . . . . . . . . . . b _ _ _ _
. . . . . . . . . . . b _ _ _ _
. . . . . . . . . . . b _ _ _ _
. . . . . . . . . . . b _ _ _ _
b b b b b b b b b b b _ _ _ _ _
_ _ _ _ _ _ _ _ _ _ _ _ _ _ _ _


. . . . . . . . . . b _ _ _ _ _
. . . . . . . . . . b _ _ _ _ _
. . . . . . . . . . b _ _ _ _ _
. . . . . . . . . . b _ _ _ _ _
. . . . . . . . . . b _ _ _ _ _
b b b b b b b b b b _ _ _ _ _ _
_ _ _ _ _ _ _ _ _ _ _ _ _ _ _ _
_ _ _ _ _ _ _ _ _ _ _ _ _ _ _ _


. . . . . . . b _ _ _ _ _ _ _ _
. . . . . . . b _ _ _ _ _ _ _ _
b b b b b b b _ _ _ _ _ _ _ _ _
_ _ _ _ _ _ _ _ _ _ _ _ _ _ _ _
_ _ _ _ _ _ _ _ _ _ _ _ _ _ _ _
_ _ _ _ _ _ _ _ _ _ _ _ _ _ _ _
_ _ _ _ _ _ _ _ _ _ _ _ _ _ _ _
_ _ _ _ _ _ _ _ _ _ _ _ _ _ _ _


. . . . . . . . . . . b _ _ _ _
. . . . . . . . . . . b _ _ _ _
. . . . . . . . . . . b _ _ _ _
. . . . . . . . . . . b _ _ _ _
. . . . . . . . . . . b _ _ _ _
. . . . . . . . . . . b _ _ _ _
b b b b b b b b b b b _ _ _ _ _
_ _ _ _ _ _ _ _ _ _ _ _ _ _ _ _


. . . . . . . b _ _ _ _ _ _ _ _
. . . . . . . b _ _ _ _ _ _ _ _
. . . . . . . b _ _ _ _ _ _ _ _
b b b b b b b _ _ _ _ _ _ _ _ _
_ _ _ _ _ _ _ _ _ _ _ _ _ _ _ _
_ _ _ _ _ _ _ _ _ _ _ _ _ _ _ _
_ _ _ _ _ _ _ _ _ _ _ _ _ _ _ _
_ _ _ _ _ _ _ _ _ _ _ _ _ _ _ _


. . . b _ _ _ _ _ _ _ _ _ _ _ _
. . . b _ _ _ _ _ _ _ _ _ _ _ _
. . . b _ _ _ _ _ _ _ _ _ _ _ _
. . . b _ _ _ _ _ _ _ _ _ _ _ _
b b b _ _ _ _ _ _ _ _ _ _ _ _ _
_ _ _ _ _ _ _ _ _ _ _ _ _ _ _ _
_ _ _ _ _ _ _ _ _ _ _ _ _ _ _ _
_ _ _ _ _ _ _ _ _ _ _ _ _ _ _ _


. . . . . . . . . . . b _ _ _ _
. . . . . . . . . . . b _ _ _ _
. . . . . . . . . . . b _ _ _ _
. . . . . . . . . . . b _ _ _ _
b b b b b b b b b b b _ _ _ _ _
_ _ _ _ _ _ _ _ _ _ _ _ _ _ _ _
_ _ _ _ _ _ _ _ _ _ _ _ _ _ _ _
_ _ _ _ _ _ _ _ _ _ _ _ _ _ _ _


. . . . . . . . . b _ _ _ _ _ _
. . . . . . . . . b _ _ _ _ _ _
b b b b b b b b b _ _ _ _ _ _ _
_ _ _ _ _ _ _ _ _ _ _ _ _ _ _ _
_ _ _ _ _ _ _ _ _ _ _ _ _ _ _ _
_ _ _ _ _ _ _ _ _ _ _ _ _ _ _ _
_ _ _ _ _ _ _ _ _ _ _ _ _ _ _ _
_ _ _ _ _ _ _ _ _ _ _ _ _ _ _ _


. . b _ _ _ _ _ _ _ _ _ _ _ _ _
. . b _ _ _ _ _ _ _ _ _ _ _ _ _
b b _ _ _ _ _ _ _ _ _ _ _ _ _ _
_ _ _ _ _ _ _ _ _ _ _ _ _ _ _ _
_ _ _ _ _ _ _ _ _ _ _ _ _ _ _ _
_ _ _ _ _ _ _ _ _ _ _ _ _ _ _ _
_ _ _ _ _ _ _ _ _ _ _ _ _ _ _ _
_ _ _ _ _ _ _ _ _ _ _ _ _ _ _ _


. . . . . . . . . . . . . b _ _
. . . . . . . . . . . . . b _ _
b b b b b b b b b b b b b _ _ _
_ _ _ _ _ _ _ _ _ _ _ _ _ _ _ _
_ _ _ _ _ _ _ _ _ _ _ _ _ _ _ _
_ _ _ _ _ _ _ _ _ _ _ _ _ _ _ _
_ _ _ _ _ _ _ _ _ _ _ _ _ _ _ _
_ _ _ _ _ _ _ _ _ _ _ _ _ _ _ _


. . . . . . . . . . . b _ _ _ _
. . . . . . . . . . . b _ _ _ _
. . . . . . . . . . . b _ _ _ _
. . . . . . . . . . . b _ _ _ _
. . . . . . . . . . . b _ _ _ _
. . . . . . . . . . . b _ _ _ _
b b b b b b b b b b b _ _ _ _ _
_ _ _ _ _ _ _ _ _ _ _ _ _ _ _ _


. . . . . . . . . . . b _ _ _ _
. . . . . . . . . . . b _ _ _ _
. . . . . . . . . . . b _ _ _ _
. . . . . . . . . . . b _ _ _ _
. . . . . . . . . . . b _ _ _ _
. . . . . . . . . . . b _ _ _ _
b b b b b b b b b b b _ _ _ _ _
_ _ _ _ _ _ _ _ _ _ _ _ _ _ _ _


. . . . . . . b _ _ _ _ _ _ _ _
. . . . . . . b _ _ _ _ _ _ _ _
. . . . . . . b _ _ _ _ _ _ _ _
. . . . . . . b _ _ _ _ _ _ _ _
b b b b b b b _ _ _ _ _ _ _ _ _
_ _ _ _ _ _ _ _ _ _ _ _ _ _ _ _
_ _ _ _ _ _ _ _ _ _ _ _ _ _ _ _
_ _ _ _ _ _ _ _ _ _ _ _ _ _ _ _


. . . . . . b _ _ _ _ _ _ _ _ _
. . . . . . b _ _ _ _ _ _ _ _ _
. . . . . . b _ _ _ _ _ _ _ _ _
. . . . . . b _ _ _ _ _ _ _ _ _
. . . . . . b _ _ _ _ _ _ _ _ _
. . . . . . b _ _ _ _ _ _ _ _ _
b b b b b b _ _ _ _ _ _ _ _ _ _
_ _ _ _ _ _ _ _ _ _ _ _ _ _ _ _


. . . . . b _ _ _ _ _ _ _ _ _ _
. . . . . b _ _ _ _ _ _ _ _ _ _
b b b b b _ _ _ _ _ _ _ _ _ _ _
_ _ _ _ _ _ _ _ _ _ _ _ _ _ _ _
_ _ _ _ _ _ _ _ _ _ _ _ _ _ _ _
_ _ _ _ _ _ _ _ _ _ _ _ _ _ _ _
_ _ _ _ _ _ _ _ _ _ _ _ _ _ _ _
_ _ _ _ _ _ _ _ _ _ _ _ _ _ _ _


. . . . . . . . . . . . . b _ _
. . . . . . . . . . . . . b _ _
. . . . . . . . . . . . . b _ _
b b b b b b b b b b b b b _ _ _
_ _ _ _ _ _ _ _ _ _ _ _ _ _ _ _
_ _ _ _ _ _ _ _ _ _ _ _ _ _ _ _
_ _ _ _ _ _ _ _ _ _ _ _ _ _ _ _
_ _ _ _ _ _ _ _ _ _ _ _ _ _ _ _


. . . . b _ _ _ _ _ _ _ _ _ _ _
. . . . b _ _ _ _ _ _ _ _ _ _ _
. . . . b _ _ _ _ _ _ _ _ _ _ _
. . . . b _ _ _ _ _ _ _ _ _ _ _
. . . . b _ _ _ _ _ _ _ _ _ _ _
. . . . b _ _ _ _ _ _ _ _ _ _ _
b b b b _ _ _ _ _ _ _ _ _ _ _ _
_ _ _ _ _ _ _ _ _ _ _ _ _ _ _ _


. . . . . . b _ _ _ _ _ _ _ _ _
. . . . . . b _ _ _ _ _ _ _ _ _
b b b b b b _ _ _ _ _ _ _ _ _ _
_ _ _ _ _ _ _ _ _ _ _ _ _ _ _ _
_ _ _ _ _ _ _ _ _ _ _ _ _ _ _ _
_ _ _ _ _ _ _ _ _ _ _ _ _ _ _ _
_ _ _ _ _ _ _ _ _ _ _ _ _ _ _ _
_ _ _ _ _ _ _ _ _ _ _ _ _ _ _ _


. . b _ _ _ _ _ _ _ _ _ _ _ _ _
. . b _ _ _ _ _ _ _ _ _ _ _ _ _
. . b _ _ _ _ _ _ _ _ _ _ _ _ _
b b _ _ _ _ _ _ _ _ _ _ _ _ _ _
_ _ _ _ _ _ _ _ _ _ _ _ _ _ _ _
_ _ _ _ _ _ _ _ _ _ _ _ _ _ _ _
_ _ _ _ _ _ _ _ _ _ _ _ _ _ _ _
_ _ _ _ _ _ _ _ _ _ _ _ _ _ _ _


. . . . . . . . . . . . . b _ _
. . . . . . . . . . . . . b _ _
. . . . . . . . . . . . . b _ _
. . . . . . . . . . . . . b _ _
. . . . . . . . . . . . . b _ _
b b b b b b b b b b b b b _ _ _
_ _ _ _ _ _ _ _ _ _ _ _ _ _ _ _
_ _ _ _ _ _ _ _ _ _ _ _ _ _ _ _



