---
source: src/puzzle.rs
expression: "show_principle_variation(&puzzle, &solution)"
---
b . b w . . . b _ _ _ _ _ _ _ _
w b . . b b b b _ _ _ _ _ _ _ _
w w w . . w w b _ _ _ _ _ _ _ _
b b b b b b b _ _ _ _ _ _ _ _ _
_ _ _ _ _ _ _ _ _ _ _ _ _ _ _ _
_ _ _ _ _ _ _ _ _ _ _ _ _ _ _ _
_ _ _ _ _ _ _ _ _ _ _ _ _ _ _ _
_ _ _ _ _ _ _ _ _ _ _ _ _ _ _ _



